Using pre-set license
Built from '2022.3/staging' branch; Version is '2022.3.42f1 (2dcb6a0abc42) revision 3001194'; Using compiler version '192829333'; Build Type 'Release'
OS: 'Windows 10  (10.0.19045) 64bit Professional' Language: 'en' Physical Memory: 31861 MB
BatchMode: 1, IsHumanControllingUs: 0, StartBugReporterOnCrash: 0, Is64bit: 1, IsPro: 1

COMMAND LINE ARGUMENTS:
C:\Program Files\Unity\Hub\Editor\2022.3.42f1\Editor\Unity.exe
-adb2
-batchMode
-noUpm
-name
AssetImportWorker2
-projectPath
C:/Users/Jasmine/Documents/GitHub/Cogent Lab/ixr-testbed-prototype
-logFile
Logs/AssetImportWorker2.log
-srvPort
55380
Successfully changed project path to: C:/Users/Jasmine/Documents/GitHub/Cogent Lab/ixr-testbed-prototype
C:/Users/Jasmine/Documents/GitHub/Cogent Lab/ixr-testbed-prototype
[UnityMemory] Configuration Parameters - Can be set up in boot.config
    "memorysetup-bucket-allocator-granularity=16"
    "memorysetup-bucket-allocator-bucket-count=8"
    "memorysetup-bucket-allocator-block-size=33554432"
    "memorysetup-bucket-allocator-block-count=8"
    "memorysetup-main-allocator-block-size=16777216"
    "memorysetup-thread-allocator-block-size=16777216"
    "memorysetup-gfx-main-allocator-block-size=16777216"
    "memorysetup-gfx-thread-allocator-block-size=16777216"
    "memorysetup-cache-allocator-block-size=4194304"
    "memorysetup-typetree-allocator-block-size=2097152"
    "memorysetup-profiler-bucket-allocator-granularity=16"
    "memorysetup-profiler-bucket-allocator-bucket-count=8"
    "memorysetup-profiler-bucket-allocator-block-size=33554432"
    "memorysetup-profiler-bucket-allocator-block-count=8"
    "memorysetup-profiler-allocator-block-size=16777216"
    "memorysetup-profiler-editor-allocator-block-size=1048576"
    "memorysetup-temp-allocator-size-main=16777216"
    "memorysetup-job-temp-allocator-block-size=2097152"
    "memorysetup-job-temp-allocator-block-size-background=1048576"
    "memorysetup-job-temp-allocator-reduction-small-platforms=262144"
    "memorysetup-allocator-temp-initial-block-size-main=262144"
    "memorysetup-allocator-temp-initial-block-size-worker=262144"
    "memorysetup-temp-allocator-size-background-worker=32768"
    "memorysetup-temp-allocator-size-job-worker=262144"
    "memorysetup-temp-allocator-size-preload-manager=33554432"
    "memorysetup-temp-allocator-size-nav-mesh-worker=65536"
    "memorysetup-temp-allocator-size-audio-worker=65536"
    "memorysetup-temp-allocator-size-cloud-worker=32768"
    "memorysetup-temp-allocator-size-gi-baking-worker=262144"
    "memorysetup-temp-allocator-size-gfx=262144"
Player connection [74508]  Target information:

Player connection [74508]  * "[IP] 10.0.0.151 [Port] 0 [Flags] 2 [Guid] 3595805472 [EditorId] 3595805472 [Version] 1048832 [Id] WindowsEditor(7,DESKTOP-90O3M4F) [Debug] 1 [PackageName] WindowsEditor [ProjectName] Editor" 

Player connection [74508]  * "[IP] 10.0.0.185 [Port] 0 [Flags] 2 [Guid] 3595805472 [EditorId] 3595805472 [Version] 1048832 [Id] WindowsEditor(7,DESKTOP-90O3M4F) [Debug] 1 [PackageName] WindowsEditor [ProjectName] Editor" 

Player connection [74508] Host joined multi-casting on [225.0.0.222:54997]...
Player connection [74508] Host joined alternative multi-casting on [225.0.0.222:34997]...
[PhysX] Initialized MultithreadedTaskDispatcher with 16 workers.
Refreshing native plugins compatible for Editor in 22.89 ms, found 13 plugins.
Unity memory allocator detected: MetaXRAudio native memory allocations will be tracked.
Preloading 3 native plugins for Editor in 2.66 ms.
Initialize engine version: 2022.3.42f1 (2dcb6a0abc42)
[Subsystems] Discovering subsystems at path C:/Program Files/Unity/Hub/Editor/2022.3.42f1/Editor/Data/Resources/UnitySubsystems
[Subsystems] Discovering subsystems at path C:/Users/Jasmine/Documents/GitHub/Cogent Lab/ixr-testbed-prototype/Assets
GfxDevice: creating device client; threaded=0; jobified=0
Direct3D:
    Version:  Direct3D 11.0 [level 11.1]
    Renderer: NVIDIA GeForce RTX 5070 (ID=0x2f04)
    Vendor:   NVIDIA
    VRAM:     11854 MB
    Driver:   32.0.15.7700
Shader 'Meta/MRUK/Scene/HighlightsAndShadows': fallback shader 'Off' not found
Shader 'Oculus/OVRMRCameraFrameLit': fallback shader 'Alpha-Diffuse' not found
Initialize mono
Mono path[0] = 'C:/Program Files/Unity/Hub/Editor/2022.3.42f1/Editor/Data/Managed'
Mono path[1] = 'C:/Program Files/Unity/Hub/Editor/2022.3.42f1/Editor/Data/MonoBleedingEdge/lib/mono/unityjit-win32'
Mono config path = 'C:/Program Files/Unity/Hub/Editor/2022.3.42f1/Editor/Data/MonoBleedingEdge/etc'
Using monoOptions --debugger-agent=transport=dt_socket,embedding=1,server=y,suspend=n,address=127.0.0.1:56584
Begin MonoManager ReloadAssembly
Registering precompiled unity dll's ...
Register platform support module: C:/Program Files/Unity/Hub/Editor/2022.3.42f1/Editor/Data/PlaybackEngines/AndroidPlayer/UnityEditor.Android.Extensions.dll
Register platform support module: C:/Program Files/Unity/Hub/Editor/2022.3.42f1/Editor/Data/PlaybackEngines/WindowsStandaloneSupport/UnityEditor.WindowsStandalone.Extensions.dll
Registered in 0.009155 seconds.
- Loaded All Assemblies, in  0.228 seconds
Native extension for WindowsStandalone target not found
Native extension for Android target not found
Unauthorized device detected, Id: 1WMHH841WR1102, please add debug authorization and reconnect.
UnityEngine.StackTraceUtility:ExtractStackTrace ()
UnityEngine.DebugLogHandler:LogFormat (UnityEngine.LogType,UnityEngine.Object,string,object[])
UnityEngine.Logger:LogFormat (UnityEngine.LogType,string,object[])
UnityEngine.Debug:LogFormat (string,object[])
UnityEditor.Android.AndroidDeploymentTargetsExtension:GetKnownTargets (UnityEditor.DeploymentTargets.IDeploymentTargetsMainThreadContext,UnityEditor.ProgressHandler)
UnityEditor.Android.TargetScanWorker:ScanSync ()
UnityEditor.Android.TargetExtension:OnUsbDevicesChanged (UnityEditor.Hardware.UsbDevice[])
UnityEditor.Android.TargetExtension:OnLoad ()
UnityEditor.Modules.ModuleManager:InitializePlatformSupportModules ()

Android Extension - Scanning For ADB Devices 249 ms
Mono: successfully reloaded assembly
- Finished resetting the current domain, in  0.434 seconds
Domain Reload Profiling: 660ms
	BeginReloadAssembly (71ms)
		ExecutionOrderSort (0ms)
		DisableScriptedObjects (0ms)
		BackupInstance (0ms)
		ReleaseScriptingObjects (0ms)
		CreateAndSetChildDomain (1ms)
	RebuildCommonClasses (21ms)
	RebuildNativeTypeToScriptingClass (6ms)
	initialDomainReloadingComplete (45ms)
	LoadAllAssembliesAndSetupDomain (84ms)
		LoadAssemblies (69ms)
		RebuildTransferFunctionScriptingTraits (0ms)
		AnalyzeDomain (82ms)
			TypeCache.Refresh (81ms)
				TypeCache.ScanAssembly (72ms)
			ScanForSourceGeneratedMonoScriptInfo (0ms)
			ResolveRequiredComponents (0ms)
	FinalizeReload (434ms)
		ReleaseScriptCaches (0ms)
		RebuildScriptCaches (0ms)
		SetupLoadedEditorAssemblies (410ms)
			LogAssemblyErrors (0ms)
			InitializePlatformSupportModulesInManaged (320ms)
			SetLoadedEditorAssemblies (2ms)
			RefreshPlugins (0ms)
			BeforeProcessingInitializeOnLoad (1ms)
			ProcessInitializeOnLoadAttributes (62ms)
			ProcessInitializeOnLoadMethodAttributes (24ms)
			AfterProcessingInitializeOnLoad (0ms)
			EditorAssembliesLoaded (0ms)
		ExecutionOrderSort2 (0ms)
		AwakeInstancesAfterBackupRestoration (0ms)
========================================================================
Worker process is ready to serve import requests
Caller must complete domain reload
Begin MonoManager ReloadAssembly
Symbol file LoadedFromMemory is not a mono symbol file
- Loaded All Assemblies, in  0.477 seconds
Native extension for WindowsStandalone target not found
Native extension for Android target not found
Package Manager log level set to [2]
[Package Manager] Server::EnsureServerProcessIsRunning -- launch failed, reason: Unity was launched with the -noUpm command-line argument
[Package Manager] UpmClient::Send -- Unable to send message (not connected to UPM process).
[Package Manager] Cannot connect to Unity Package Manager local server
  % Total    % Received % Xferd  Average Speed   Time    Time     Time  Current
                                 Dload  Upload   Total   Spent    Left  Speed
  0     0    0     0    0     0      0      0 --:--:-- --:--:-- --:--:--     0  0     0    0     0    0     0      0      0 --:--:-- --:--:-- --:--:--     0
curl: (35) schannel: next InitializeSecurityContext failed: CRYPT_E_NO_REVOCATION_CHECK (0x80092012) - The revocation function was unable to check revocation for the certificate.
[Package Manager] Server::EnsureServerProcessIsRunning -- launch failed, reason: Unity was launched with the -noUpm command-line argument
[Package Manager] UpmClient::Send -- Unable to send message (not connected to UPM process).
[Package Manager] Cannot connect to Unity Package Manager local server
System.Reflection.TargetInvocationException: Exception has been thrown by the target of an invocation. ---> System.NullReferenceException: Object reference not set to an instance of an object
  at Unity.XR.Oculus.OculusLoader.AssetPathToAbsolutePath (System.String assetPath) [0x0003d] in .\Library\PackageCache\com.unity.xr.oculus@4.2.0\Runtime\OculusLoader.cs:298 
  at Unity.XR.Oculus.OculusLoader.EditorLoadOVRPlugin () [0x0008c] in .\Library\PackageCache\com.unity.xr.oculus@4.2.0\Runtime\OculusLoader.cs:283 
  at (wrapper managed-to-native) System.Reflection.RuntimeMethodInfo.InternalInvoke(System.Reflection.RuntimeMethodInfo,object,object[],System.Exception&)
  at System.Reflection.RuntimeMethodInfo.Invoke (System.Object obj, System.Reflection.BindingFlags invokeAttr, System.Reflection.Binder binder, System.Object[] parameters, System.Globalization.CultureInfo culture) [0x0006a] in <8ce0bd04a7a04b4b9395538239d3fdd8>:0 
   --- End of inner exception stack trace ---
  at System.Reflection.RuntimeMethodInfo.Invoke (System.Object obj, System.Reflection.BindingFlags invokeAttr, System.Reflection.Binder binder, System.Object[] parameters, System.Globalization.CultureInfo culture) [0x00083] in <8ce0bd04a7a04b4b9395538239d3fdd8>:0 
  at System.Reflection.MethodBase.Invoke (System.Object obj, System.Object[] parameters) [0x00000] in <8ce0bd04a7a04b4b9395538239d3fdd8>:0 
  at UnityEditor.EditorAssemblies.ProcessInitializeOnLoadMethodAttributes () [0x000a5] in <fd823a7663ea4cdb840e6c898e2256ce>:0 
UnityEngine.StackTraceUtility:ExtractStackTrace ()
UnityEngine.DebugLogHandler:LogFormat (UnityEngine.LogType,UnityEngine.Object,string,object[])
UnityEngine.Logger:Log (UnityEngine.LogType,object)
UnityEngine.Debug:LogError (object)
UnityEditor.EditorAssemblies:ProcessInitializeOnLoadMethodAttributes ()

Mono: successfully reloaded assembly
[Package Manager] Server::EnsureServerProcessIsRunning -- launch failed, reason: Unity was launched with the -noUpm command-line argument
[Package Manager] UpmClient::Send -- Unable to send message (not connected to UPM process).
[Package Manager] Cannot connect to Unity Package Manager local server
[Package Manager] Server::EnsureServerProcessIsRunning -- launch failed, reason: Unity was launched with the -noUpm command-line argument
[Package Manager] UpmClient::Send -- Unable to send message (not connected to UPM process).
[Package Manager] Cannot connect to Unity Package Manager local server
- Finished resetting the current domain, in  0.826 seconds
Domain Reload Profiling: 1299ms
	BeginReloadAssembly (85ms)
		ExecutionOrderSort (0ms)
		DisableScriptedObjects (2ms)
		BackupInstance (0ms)
		ReleaseScriptingObjects (0ms)
		CreateAndSetChildDomain (15ms)
	RebuildCommonClasses (18ms)
	RebuildNativeTypeToScriptingClass (5ms)
	initialDomainReloadingComplete (25ms)
	LoadAllAssembliesAndSetupDomain (340ms)
		LoadAssemblies (234ms)
		RebuildTransferFunctionScriptingTraits (0ms)
		AnalyzeDomain (155ms)
			TypeCache.Refresh (126ms)
				TypeCache.ScanAssembly (112ms)
			ScanForSourceGeneratedMonoScriptInfo (21ms)
			ResolveRequiredComponents (8ms)
	FinalizeReload (826ms)
		ReleaseScriptCaches (0ms)
		RebuildScriptCaches (0ms)
		SetupLoadedEditorAssemblies (721ms)
			LogAssemblyErrors (0ms)
			InitializePlatformSupportModulesInManaged (16ms)
			SetLoadedEditorAssemblies (2ms)
			RefreshPlugins (0ms)
			BeforeProcessingInitializeOnLoad (64ms)
			ProcessInitializeOnLoadAttributes (596ms)
			ProcessInitializeOnLoadMethodAttributes (36ms)
			AfterProcessingInitializeOnLoad (6ms)
			EditorAssembliesLoaded (0ms)
		ExecutionOrderSort2 (0ms)
		AwakeInstancesAfterBackupRestoration (4ms)
Shader 'Meta/MRUK/Scene/HighlightsAndShadows': fallback shader 'Off' not found
Shader 'Oculus/OVRMRCameraFrameLit': fallback shader 'Alpha-Diffuse' not found
Launched and connected shader compiler UnityShaderCompiler.exe after 0.04 seconds
Refreshing native plugins compatible for Editor in 16.29 ms, found 13 plugins.
Preloading 3 native plugins for Editor in 0.14 ms.
Unloading 6130 Unused Serialized files (Serialized files now loaded: 0)
Unloading 88 unused Assets / (498.2 KB). Loaded Objects now: 6536.
Memory consumption went from 228.1 MB to 227.7 MB.
Total: 8.663000 ms (FindLiveObjects: 0.680900 ms CreateObjectMapping: 0.397300 ms MarkObjects: 7.166200 ms  DeleteObjects: 0.417300 ms)

AssetImportParameters requested are different than current active one (requested -> active):
  custom:container-demuxer-ogg: 62fdf1f143b41e24485cea50d1cbac27 -> 
  custom:video-decoder-ogg-theora: a1e56fd34408186e4bbccfd4996cb3dc -> 
  custom:framework-win-MediaFoundation: 216162199b28c13a410421893ffa2e32 -> 
  custom:CustomObjectIndexerAttribute: 9a22284fe3817be447336de3de66b15e -> 
  custom:container-demuxer-webm: 4f35f7cbe854078d1ac9338744f61a02 -> 
  custom:container-muxer-webm: aa71ff27fc2769a1b78a27578f13a17b -> 
  custom:video-decoder-webm-vp8: 9c59270c3fd7afecdb556c50c9e8de78 -> 
  custom:SearchIndexIgnoredProperties: e643bd26f0fe6173181afceb89e7c659 -> 
  custom:AudioImporter_EditorPlatform: d09bf68614088b80899f8185d706f6e7 -> 
  custom:video-encoder-webm-vp8: eb34c28f22e8b96e1ab97ce403110664 -> 
  custom:audio-decoder-ogg-vorbis: bf7c407c2cedff20999df2af8eb42d56 -> 
  custom:audio-encoder-webm-vorbis: bf7c407c2cedff20999df2af8eb42d56 -> 
========================================================================
Received Import Request.
  Time since last request: 1255392.638216 seconds.
  path: Assets/Jasmine/Scripts/Breathing Idle.fbx
  artifactKey: Guid(d5ea07817e3a6f340a05a12952223304) Importer(2089858483,0ecaa5967403d082aa24f35e1b516d23)
Start importing Assets/Jasmine/Scripts/Breathing Idle.fbx using Guid(d5ea07817e3a6f340a05a12952223304) Importer(2089858483,0ecaa5967403d082aa24f35e1b516d23) [PhysX] Initialized MultithreadedTaskDispatcher with 16 workers.
 -> (artifact id: '98cfb16d9cbad6338ee9a48084dbbecc') in 0.066279 seconds
Number of updated asset objects reloaded before import = 0
Number of asset objects unloaded after import = 169
========================================================================
Received Import Request.
  Time since last request: 6.494840 seconds.
  path: Assets/Jasmine/Scripts/Breathing Idle.fbx
  artifactKey: Guid(d5ea07817e3a6f340a05a12952223304) Importer(815301076,1909f56bfc062723c751e8b465ee728b)
Start importing Assets/Jasmine/Scripts/Breathing Idle.fbx using Guid(d5ea07817e3a6f340a05a12952223304) Importer(815301076,1909f56bfc062723c751e8b465ee728b) [PhysX] Initialized MultithreadedTaskDispatcher with 16 workers.
 -> (artifact id: 'dc6e4e143e2709d9231476b8eca978c1') in 0.015319 seconds
Number of updated asset objects reloaded before import = 0
Number of asset objects unloaded after import = 169
========================================================================
Received Import Request.
  Time since last request: 24.091909 seconds.
  path: Assets/Jasmine/Animation
  artifactKey: Guid(813ee19d0c83579408979b8b0f3d7fd0) Importer(815301076,1909f56bfc062723c751e8b465ee728b)
Start importing Assets/Jasmine/Animation using Guid(813ee19d0c83579408979b8b0f3d7fd0) Importer(815301076,1909f56bfc062723c751e8b465ee728b) [PhysX] Initialized MultithreadedTaskDispatcher with 16 workers.
 -> (artifact id: 'f63962be5378335cffa593eb3658f04d') in 0.000821 seconds
Number of updated asset objects reloaded before import = 0
Number of asset objects unloaded after import = 0
========================================================================
Received Import Request.
  Time since last request: 0.973998 seconds.
  path: Assets/Jasmine/Animation
  artifactKey: Guid(813ee19d0c83579408979b8b0f3d7fd0) Importer(2089858483,0ecaa5967403d082aa24f35e1b516d23)
Start importing Assets/Jasmine/Animation using Guid(813ee19d0c83579408979b8b0f3d7fd0) Importer(2089858483,0ecaa5967403d082aa24f35e1b516d23) [PhysX] Initialized MultithreadedTaskDispatcher with 16 workers.
 -> (artifact id: '60aee3a760322cdc1cf42ab033b68c9f') in 0.003122 seconds
Number of updated asset objects reloaded before import = 0
Number of asset objects unloaded after import = 1
========================================================================
Received Import Request.
  Time since last request: 5.888846 seconds.
  path: Assets/Jasmine/Animation/Breathing Idle.fbx
  artifactKey: Guid(d5ea07817e3a6f340a05a12952223304) Importer(2089858483,0ecaa5967403d082aa24f35e1b516d23)
Start importing Assets/Jasmine/Animation/Breathing Idle.fbx using Guid(d5ea07817e3a6f340a05a12952223304) Importer(2089858483,0ecaa5967403d082aa24f35e1b516d23) [PhysX] Initialized MultithreadedTaskDispatcher with 16 workers.
 -> (artifact id: '1ce59bc7e3da231a6bd4e93c137a741a') in 0.006715 seconds
Number of updated asset objects reloaded before import = 0
Number of asset objects unloaded after import = 169
========================================================================
Received Import Request.
  Time since last request: 142.796911 seconds.
  path: Assets/Female_Adult_10.png
  artifactKey: Guid(b1243f9392ca14a4e835597c28a19cf4) Importer(815301076,1909f56bfc062723c751e8b465ee728b)
Start importing Assets/Female_Adult_10.png using Guid(b1243f9392ca14a4e835597c28a19cf4) Importer(815301076,1909f56bfc062723c751e8b465ee728b) [PhysX] Initialized MultithreadedTaskDispatcher with 16 workers.
[PhysX] Initialized MultithreadedTaskDispatcher with 16 workers.
 -> (artifact id: 'b87fc369f97344145cae37219c133c72') in 0.020873 seconds
Number of updated asset objects reloaded before import = 0
Number of asset objects unloaded after import = 2
========================================================================
Received Import Request.
  Time since last request: 0.922932 seconds.
  path: Assets/Female_Adult_10.png
  artifactKey: Guid(b1243f9392ca14a4e835597c28a19cf4) Importer(2089858483,0ecaa5967403d082aa24f35e1b516d23)
Start importing Assets/Female_Adult_10.png using Guid(b1243f9392ca14a4e835597c28a19cf4) Importer(2089858483,0ecaa5967403d082aa24f35e1b516d23) [PhysX] Initialized MultithreadedTaskDispatcher with 16 workers.
 -> (artifact id: '52b405e5e6677bb86e9cf8607cae7519') in 0.020327 seconds
Number of updated asset objects reloaded before import = 0
Number of asset objects unloaded after import = 1
========================================================================
Received Import Request.
  Time since last request: 38.523224 seconds.
  path: Assets/Jasmine/RocketBox/Avatars/Female_Adult_10
  artifactKey: Guid(dff836e3d4f96fa4683f16730ff40713) Importer(815301076,1909f56bfc062723c751e8b465ee728b)
Start importing Assets/Jasmine/RocketBox/Avatars/Female_Adult_10 using Guid(dff836e3d4f96fa4683f16730ff40713) Importer(815301076,1909f56bfc062723c751e8b465ee728b) [PhysX] Initialized MultithreadedTaskDispatcher with 16 workers.
 -> (artifact id: 'b37b608e54956d69c41b08396aef8a68') in 0.000659 seconds
Number of updated asset objects reloaded before import = 0
Number of asset objects unloaded after import = 0
========================================================================
Received Import Request.
  Time since last request: 0.947668 seconds.
  path: Assets/Jasmine/RocketBox/Avatars/Female_Adult_10.fbx
  artifactKey: Guid(c64574cdd469f684fbbb1f0c616a1426) Importer(815301076,1909f56bfc062723c751e8b465ee728b)
Start importing Assets/Jasmine/RocketBox/Avatars/Female_Adult_10.fbx using Guid(c64574cdd469f684fbbb1f0c616a1426) Importer(815301076,1909f56bfc062723c751e8b465ee728b) [PhysX] Initialized MultithreadedTaskDispatcher with 16 workers.
[PhysX] Initialized MultithreadedTaskDispatcher with 16 workers.
[PhysX] Initialized MultithreadedTaskDispatcher with 16 workers.
[PhysX] Initialized MultithreadedTaskDispatcher with 16 workers.
[PhysX] Initialized MultithreadedTaskDispatcher with 16 workers.
[PhysX] Initialized MultithreadedTaskDispatcher with 16 workers.
[PhysX] Initialized MultithreadedTaskDispatcher with 16 workers.
 -> (artifact id: 'e074d106f0aa72bfef4d3395ee7bf2e2') in 0.069961 seconds
Number of updated asset objects reloaded before import = 0
Number of asset objects unloaded after import = 176
========================================================================
Received Import Request.
  Time since last request: 0.274222 seconds.
  path: Assets/Jasmine/RocketBox/Avatars/Female_Adult_10_facial.fbx
  artifactKey: Guid(f1b7d62df6b7b8b47b2898c416c59e7e) Importer(815301076,1909f56bfc062723c751e8b465ee728b)
Start importing Assets/Jasmine/RocketBox/Avatars/Female_Adult_10_facial.fbx using Guid(f1b7d62df6b7b8b47b2898c416c59e7e) Importer(815301076,1909f56bfc062723c751e8b465ee728b) [PhysX] Initialized MultithreadedTaskDispatcher with 16 workers.
[PhysX] Initialized MultithreadedTaskDispatcher with 16 workers.
[PhysX] Initialized MultithreadedTaskDispatcher with 16 workers.
[PhysX] Initialized MultithreadedTaskDispatcher with 16 workers.
[PhysX] Initialized MultithreadedTaskDispatcher with 16 workers.
[PhysX] Initialized MultithreadedTaskDispatcher with 16 workers.
[PhysX] Initialized MultithreadedTaskDispatcher with 16 workers.
 -> (artifact id: '70501ddcc2b558be4793c5b7f9f21b60') in 0.030467 seconds
Number of updated asset objects reloaded before import = 0
Number of asset objects unloaded after import = 174
========================================================================
Received Import Request.
  Time since last request: 2.036277 seconds.
  path: Assets/Jasmine/RocketBox/Avatars/Female_Adult_10/Female_Adult_10_facial.fbx
  artifactKey: Guid(f1b7d62df6b7b8b47b2898c416c59e7e) Importer(2089858483,0ecaa5967403d082aa24f35e1b516d23)
Start importing Assets/Jasmine/RocketBox/Avatars/Female_Adult_10/Female_Adult_10_facial.fbx using Guid(f1b7d62df6b7b8b47b2898c416c59e7e) Importer(2089858483,0ecaa5967403d082aa24f35e1b516d23) [PhysX] Initialized MultithreadedTaskDispatcher with 16 workers.
 -> (artifact id: 'd24bea6e3f694ddb0c8b6e871eab06da') in 0.060601 seconds
Number of updated asset objects reloaded before import = 0
Number of asset objects unloaded after import = 174
========================================================================
Received Import Request.
  Time since last request: 41.401937 seconds.
  path: Assets/Jasmine/RocketBox/Avatars/Female_Adult_03_facial.fbx
  artifactKey: Guid(450ab973f45b6a64ebb298ae718aa706) Importer(815301076,1909f56bfc062723c751e8b465ee728b)
Start importing Assets/Jasmine/RocketBox/Avatars/Female_Adult_03_facial.fbx using Guid(450ab973f45b6a64ebb298ae718aa706) Importer(815301076,1909f56bfc062723c751e8b465ee728b) [PhysX] Initialized MultithreadedTaskDispatcher with 16 workers.
[PhysX] Initialized MultithreadedTaskDispatcher with 16 workers.
[PhysX] Initialized MultithreadedTaskDispatcher with 16 workers.
[PhysX] Initialized MultithreadedTaskDispatcher with 16 workers.
[PhysX] Initialized MultithreadedTaskDispatcher with 16 workers.
[PhysX] Initialized MultithreadedTaskDispatcher with 16 workers.
[PhysX] Initialized MultithreadedTaskDispatcher with 16 workers.
 -> (artifact id: '0948196f15c9a188fad5308cefce79a1') in 0.029841 seconds
Number of updated asset objects reloaded before import = 0
Number of asset objects unloaded after import = 174
========================================================================
Received Import Request.
  Time since last request: 0.929731 seconds.
  path: Assets/Jasmine/RocketBox/Avatars/Female_Adult_03_facial.fbx
  artifactKey: Guid(450ab973f45b6a64ebb298ae718aa706) Importer(2089858483,0ecaa5967403d082aa24f35e1b516d23)
Start importing Assets/Jasmine/RocketBox/Avatars/Female_Adult_03_facial.fbx using Guid(450ab973f45b6a64ebb298ae718aa706) Importer(2089858483,0ecaa5967403d082aa24f35e1b516d23) [PhysX] Initialized MultithreadedTaskDispatcher with 16 workers.
 -> (artifact id: '1480c73f9a4e9ce8ea323bfd3403e5e6') in 0.061150 seconds
Number of updated asset objects reloaded before import = 0
Number of asset objects unloaded after import = 174
========================================================================
Received Import Request.
  Time since last request: 0.654692 seconds.
  path: Assets/Jasmine/RocketBox/Avatars/Female_Adult_03.fbx
  artifactKey: Guid(560beedbfff038140bebb753039e386d) Importer(815301076,1909f56bfc062723c751e8b465ee728b)
Start importing Assets/Jasmine/RocketBox/Avatars/Female_Adult_03.fbx using Guid(560beedbfff038140bebb753039e386d) Importer(815301076,1909f56bfc062723c751e8b465ee728b) [PhysX] Initialized MultithreadedTaskDispatcher with 16 workers.
[PhysX] Initialized MultithreadedTaskDispatcher with 16 workers.
[PhysX] Initialized MultithreadedTaskDispatcher with 16 workers.
[PhysX] Initialized MultithreadedTaskDispatcher with 16 workers.
[PhysX] Initialized MultithreadedTaskDispatcher with 16 workers.
[PhysX] Initialized MultithreadedTaskDispatcher with 16 workers.
[PhysX] Initialized MultithreadedTaskDispatcher with 16 workers.
 -> (artifact id: 'ca21e8214117eab003a010a9ed798c10') in 0.020113 seconds
Number of updated asset objects reloaded before import = 0
Number of asset objects unloaded after import = 176
========================================================================
Received Import Request.
  Time since last request: 27.371406 seconds.
  path: Assets/Jasmine/RocketBox/Avatars/Female_Adult_01/Textures
  artifactKey: Guid(933e7e7e8dc79d14c9aa183641509841) Importer(815301076,1909f56bfc062723c751e8b465ee728b)
Start importing Assets/Jasmine/RocketBox/Avatars/Female_Adult_01/Textures using Guid(933e7e7e8dc79d14c9aa183641509841) Importer(815301076,1909f56bfc062723c751e8b465ee728b) [PhysX] Initialized MultithreadedTaskDispatcher with 16 workers.
 -> (artifact id: '610b178edac1d74e936af3fde7de61d0') in 0.000605 seconds
Number of updated asset objects reloaded before import = 0
Number of asset objects unloaded after import = 0
========================================================================
Received Import Request.
  Time since last request: 125.040426 seconds.
  path: Assets/Jasmine/RocketBox/Avatars/f003_opacity_color.tga
  artifactKey: Guid(2714407c977443943a537f460d3bc137) Importer(815301076,1909f56bfc062723c751e8b465ee728b)
Start importing Assets/Jasmine/RocketBox/Avatars/f003_opacity_color.tga using Guid(2714407c977443943a537f460d3bc137) Importer(815301076,1909f56bfc062723c751e8b465ee728b) [PhysX] Initialized MultithreadedTaskDispatcher with 16 workers.
[PhysX] Initialized MultithreadedTaskDispatcher with 16 workers.
 -> (artifact id: 'fb4f295154d69567c893fa2c1b7050d6') in 0.014307 seconds
Number of updated asset objects reloaded before import = 0
Number of asset objects unloaded after import = 2
========================================================================
Received Import Request.
  Time since last request: 0.908892 seconds.
  path: Assets/Jasmine/RocketBox/Avatars/f003_head_specular.tga
  artifactKey: Guid(c984100e55723e4449bc3cd67b91a0ac) Importer(2089858483,0ecaa5967403d082aa24f35e1b516d23)
Start importing Assets/Jasmine/RocketBox/Avatars/f003_head_specular.tga using Guid(c984100e55723e4449bc3cd67b91a0ac) Importer(2089858483,0ecaa5967403d082aa24f35e1b516d23) [PhysX] Initialized MultithreadedTaskDispatcher with 16 workers.
 -> (artifact id: 'f6bb40cd06ce8dd1745e28f0f173d77e') in 0.007545 seconds
Number of updated asset objects reloaded before import = 0
Number of asset objects unloaded after import = 1
========================================================================
Received Import Request.
  Time since last request: 0.001016 seconds.
  path: Assets/Jasmine/RocketBox/Avatars/f003_opacity_color.tga
  artifactKey: Guid(2714407c977443943a537f460d3bc137) Importer(2089858483,0ecaa5967403d082aa24f35e1b516d23)
Start importing Assets/Jasmine/RocketBox/Avatars/f003_opacity_color.tga using Guid(2714407c977443943a537f460d3bc137) Importer(2089858483,0ecaa5967403d082aa24f35e1b516d23) [PhysX] Initialized MultithreadedTaskDispatcher with 16 workers.
 -> (artifact id: '335ba5d1b5a7a00d1ab164a5c576e5f0') in 0.009244 seconds
Number of updated asset objects reloaded before import = 0
Number of asset objects unloaded after import = 1
========================================================================
Received Import Request.
  Time since last request: 0.000014 seconds.
  path: Assets/Jasmine/RocketBox/Avatars/f003_body_specular.tga
  artifactKey: Guid(863d0e05c48ca56489858fba675e65ad) Importer(2089858483,0ecaa5967403d082aa24f35e1b516d23)
Start importing Assets/Jasmine/RocketBox/Avatars/f003_body_specular.tga using Guid(863d0e05c48ca56489858fba675e65ad) Importer(2089858483,0ecaa5967403d082aa24f35e1b516d23) [PhysX] Initialized MultithreadedTaskDispatcher with 16 workers.
 -> (artifact id: 'eb3378445fbc6cd163e8295f79740539') in 0.006408 seconds
Number of updated asset objects reloaded before import = 0
Number of asset objects unloaded after import = 1
========================================================================
Received Import Request.
  Time since last request: 0.000016 seconds.
  path: Assets/Jasmine/RocketBox/Avatars/f003_body_normal.tga
  artifactKey: Guid(030b3c34867361548974cabf40ccd86b) Importer(2089858483,0ecaa5967403d082aa24f35e1b516d23)
Start importing Assets/Jasmine/RocketBox/Avatars/f003_body_normal.tga using Guid(030b3c34867361548974cabf40ccd86b) Importer(2089858483,0ecaa5967403d082aa24f35e1b516d23) [PhysX] Initialized MultithreadedTaskDispatcher with 16 workers.
 -> (artifact id: '5f0e0c5195948fe98d48bf8654d2b2b6') in 0.007364 seconds
Number of updated asset objects reloaded before import = 0
Number of asset objects unloaded after import = 1
========================================================================
Received Import Request.
  Time since last request: 26.005401 seconds.
  path: Assets/Jasmine/RocketBox/Avatars/Textures/f003_body_specular.tga
  artifactKey: Guid(863d0e05c48ca56489858fba675e65ad) Importer(2089858483,0ecaa5967403d082aa24f35e1b516d23)
Start importing Assets/Jasmine/RocketBox/Avatars/Textures/f003_body_specular.tga using Guid(863d0e05c48ca56489858fba675e65ad) Importer(2089858483,0ecaa5967403d082aa24f35e1b516d23) [PhysX] Initialized MultithreadedTaskDispatcher with 16 workers.
 -> (artifact id: '2fa0021098548dcd3e4a69fe8a312e22') in 0.007605 seconds
Number of updated asset objects reloaded before import = 0
Number of asset objects unloaded after import = 1
========================================================================
Received Import Request.
  Time since last request: 0.002255 seconds.
  path: Assets/Jasmine/RocketBox/Avatars/Textures/f003_head_normal.tga
  artifactKey: Guid(8a4d675e1cd1bf54a986d11ae61f23d8) Importer(2089858483,0ecaa5967403d082aa24f35e1b516d23)
Start importing Assets/Jasmine/RocketBox/Avatars/Textures/f003_head_normal.tga using Guid(8a4d675e1cd1bf54a986d11ae61f23d8) Importer(2089858483,0ecaa5967403d082aa24f35e1b516d23) [PhysX] Initialized MultithreadedTaskDispatcher with 16 workers.
 -> (artifact id: 'eccf143dfb21c4ca5473427f8fd4d58a') in 0.008380 seconds
Number of updated asset objects reloaded before import = 0
Number of asset objects unloaded after import = 1
========================================================================
Received Import Request.
  Time since last request: 0.000012 seconds.
  path: Assets/Jasmine/RocketBox/Avatars/Textures/f003_head_specular.tga
  artifactKey: Guid(c984100e55723e4449bc3cd67b91a0ac) Importer(2089858483,0ecaa5967403d082aa24f35e1b516d23)
Start importing Assets/Jasmine/RocketBox/Avatars/Textures/f003_head_specular.tga using Guid(c984100e55723e4449bc3cd67b91a0ac) Importer(2089858483,0ecaa5967403d082aa24f35e1b516d23) [PhysX] Initialized MultithreadedTaskDispatcher with 16 workers.
 -> (artifact id: '3fcd6d4d9ab7fbafe74bce966cd46578') in 0.005823 seconds
Number of updated asset objects reloaded before import = 0
Number of asset objects unloaded after import = 1
========================================================================
Received Import Request.
  Time since last request: 30.471548 seconds.
  path: Assets/Jasmine/RocketBox/Avatars/Female_Adult_03/Textures
  artifactKey: Guid(b4cd7d9f86a64a04abe718567b0d62c1) Importer(2089858483,0ecaa5967403d082aa24f35e1b516d23)
Start importing Assets/Jasmine/RocketBox/Avatars/Female_Adult_03/Textures using Guid(b4cd7d9f86a64a04abe718567b0d62c1) Importer(2089858483,0ecaa5967403d082aa24f35e1b516d23) [PhysX] Initialized MultithreadedTaskDispatcher with 16 workers.
 -> (artifact id: 'bd51b86f0bfe08cf54fe2953b2a17e16') in 0.003039 seconds
Number of updated asset objects reloaded before import = 0
Number of asset objects unloaded after import = 1
========================================================================
Received Import Request.
  Time since last request: 0.000013 seconds.
  path: Assets/Jasmine/RocketBox/Avatars/Female_Adult_03/Textures/f003_opacity_color.tga
  artifactKey: Guid(2714407c977443943a537f460d3bc137) Importer(2089858483,0ecaa5967403d082aa24f35e1b516d23)
Start importing Assets/Jasmine/RocketBox/Avatars/Female_Adult_03/Textures/f003_opacity_color.tga using Guid(2714407c977443943a537f460d3bc137) Importer(2089858483,0ecaa5967403d082aa24f35e1b516d23) [PhysX] Initialized MultithreadedTaskDispatcher with 16 workers.
 -> (artifact id: 'e2aa52c55b257f5e5aadaf4b9db8af79') in 0.008910 seconds
Number of updated asset objects reloaded before import = 0
Number of asset objects unloaded after import = 1
========================================================================
Received Import Request.
  Time since last request: 0.000015 seconds.
  path: Assets/Jasmine/RocketBox/Avatars/Female_Adult_03/Textures/f003_head_normal.tga
  artifactKey: Guid(8a4d675e1cd1bf54a986d11ae61f23d8) Importer(2089858483,0ecaa5967403d082aa24f35e1b516d23)
Start importing Assets/Jasmine/RocketBox/Avatars/Female_Adult_03/Textures/f003_head_normal.tga using Guid(8a4d675e1cd1bf54a986d11ae61f23d8) Importer(2089858483,0ecaa5967403d082aa24f35e1b516d23) [PhysX] Initialized MultithreadedTaskDispatcher with 16 workers.
 -> (artifact id: '057c5cf5fab13f0d8845107c767a1cee') in 0.008376 seconds
Number of updated asset objects reloaded before import = 0
Number of asset objects unloaded after import = 1
========================================================================
Received Import Request.
  Time since last request: 0.000015 seconds.
  path: Assets/Jasmine/RocketBox/Avatars/Female_Adult_03/Textures/f003_head_color.tga
  artifactKey: Guid(40c2cb8d4b2764944851844513426332) Importer(2089858483,0ecaa5967403d082aa24f35e1b516d23)
Start importing Assets/Jasmine/RocketBox/Avatars/Female_Adult_03/Textures/f003_head_color.tga using Guid(40c2cb8d4b2764944851844513426332) Importer(2089858483,0ecaa5967403d082aa24f35e1b516d23) [PhysX] Initialized MultithreadedTaskDispatcher with 16 workers.
 -> (artifact id: 'f456621bfc6b771b65dfd1dace51a64a') in 0.008172 seconds
Number of updated asset objects reloaded before import = 0
Number of asset objects unloaded after import = 1
========================================================================
Received Import Request.
  Time since last request: 0.000018 seconds.
  path: Assets/Jasmine/RocketBox/Avatars/Female_Adult_03/Textures/f003_head_specular.tga
  artifactKey: Guid(c984100e55723e4449bc3cd67b91a0ac) Importer(2089858483,0ecaa5967403d082aa24f35e1b516d23)
Start importing Assets/Jasmine/RocketBox/Avatars/Female_Adult_03/Textures/f003_head_specular.tga using Guid(c984100e55723e4449bc3cd67b91a0ac) Importer(2089858483,0ecaa5967403d082aa24f35e1b516d23) [PhysX] Initialized MultithreadedTaskDispatcher with 16 workers.
 -> (artifact id: '2dddd9f0f1f3199db7ee27b4e83bc101') in 0.017182 seconds
Number of updated asset objects reloaded before import = 0
Number of asset objects unloaded after import = 1
========================================================================
Received Import Request.
  Time since last request: 37.134566 seconds.
  path: Assets/Jasmine/RocketBox/Avatars/Female_Adult_03 first/Textures
  artifactKey: Guid(b4cd7d9f86a64a04abe718567b0d62c1) Importer(2089858483,0ecaa5967403d082aa24f35e1b516d23)
Start importing Assets/Jasmine/RocketBox/Avatars/Female_Adult_03 first/Textures using Guid(b4cd7d9f86a64a04abe718567b0d62c1) Importer(2089858483,0ecaa5967403d082aa24f35e1b516d23) [PhysX] Initialized MultithreadedTaskDispatcher with 16 workers.
 -> (artifact id: '63e664e27c5f48435f8836d0e7664dd9') in 0.002954 seconds
Number of updated asset objects reloaded before import = 0
Number of asset objects unloaded after import = 1
========================================================================
Received Import Request.
  Time since last request: 0.000017 seconds.
  path: Assets/Jasmine/RocketBox/Avatars/Female_Adult_03 first/Textures/f003_head_normal.tga
  artifactKey: Guid(8a4d675e1cd1bf54a986d11ae61f23d8) Importer(2089858483,0ecaa5967403d082aa24f35e1b516d23)
Start importing Assets/Jasmine/RocketBox/Avatars/Female_Adult_03 first/Textures/f003_head_normal.tga using Guid(8a4d675e1cd1bf54a986d11ae61f23d8) Importer(2089858483,0ecaa5967403d082aa24f35e1b516d23) [PhysX] Initialized MultithreadedTaskDispatcher with 16 workers.
 -> (artifact id: 'b43162e582877d70f923a96077899e36') in 0.009924 seconds
Number of updated asset objects reloaded before import = 0
Number of asset objects unloaded after import = 1
========================================================================
Received Import Request.
  Time since last request: 0.000021 seconds.
  path: Assets/Jasmine/RocketBox/Avatars/Female_Adult_03 first/Textures/f003_body_color.tga
  artifactKey: Guid(ec5f10bc29c8d6647a24770cb3d38820) Importer(2089858483,0ecaa5967403d082aa24f35e1b516d23)
Start importing Assets/Jasmine/RocketBox/Avatars/Female_Adult_03 first/Textures/f003_body_color.tga using Guid(ec5f10bc29c8d6647a24770cb3d38820) Importer(2089858483,0ecaa5967403d082aa24f35e1b516d23) [PhysX] Initialized MultithreadedTaskDispatcher with 16 workers.
 -> (artifact id: '0d23e7f79ba82417972ee3fd9a055565') in 0.008036 seconds
Number of updated asset objects reloaded before import = 0
Number of asset objects unloaded after import = 1
========================================================================
Received Import Request.
  Time since last request: 0.000058 seconds.
  path: Assets/Jasmine/RocketBox/Avatars/Female_Adult_03 first/Textures/f003_head_color.tga
  artifactKey: Guid(40c2cb8d4b2764944851844513426332) Importer(2089858483,0ecaa5967403d082aa24f35e1b516d23)
Start importing Assets/Jasmine/RocketBox/Avatars/Female_Adult_03 first/Textures/f003_head_color.tga using Guid(40c2cb8d4b2764944851844513426332) Importer(2089858483,0ecaa5967403d082aa24f35e1b516d23) [PhysX] Initialized MultithreadedTaskDispatcher with 16 workers.
 -> (artifact id: '27f592b87e5e70ffdfe41367f7208d8a') in 0.010183 seconds
Number of updated asset objects reloaded before import = 0
Number of asset objects unloaded after import = 1
========================================================================
Received Import Request.
  Time since last request: 22.050236 seconds.
  path: Assets/Jasmine/RocketBox/Avatars/Female_Adult_03/Textures/f003_body_specular.tga
  artifactKey: Guid(8daa7590154ed5446a68776fb0db542e) Importer(2089858483,0ecaa5967403d082aa24f35e1b516d23)
Start importing Assets/Jasmine/RocketBox/Avatars/Female_Adult_03/Textures/f003_body_specular.tga using Guid(8daa7590154ed5446a68776fb0db542e) Importer(2089858483,0ecaa5967403d082aa24f35e1b516d23) [PhysX] Initialized MultithreadedTaskDispatcher with 16 workers.
 -> (artifact id: '6e6aa7c9b4995a708da1133cd4c61e9b') in 0.012078 seconds
Number of updated asset objects reloaded before import = 0
Number of asset objects unloaded after import = 1
========================================================================
Received Import Request.
  Time since last request: 0.000013 seconds.
  path: Assets/Jasmine/RocketBox/Avatars/Female_Adult_03
  artifactKey: Guid(622439bd3bb6f2541ab09c71c5d8ca27) Importer(2089858483,0ecaa5967403d082aa24f35e1b516d23)
Start importing Assets/Jasmine/RocketBox/Avatars/Female_Adult_03 using Guid(622439bd3bb6f2541ab09c71c5d8ca27) Importer(2089858483,0ecaa5967403d082aa24f35e1b516d23) [PhysX] Initialized MultithreadedTaskDispatcher with 16 workers.
 -> (artifact id: 'e086f947872a7cf210b777e5d196d870') in 0.003573 seconds
Number of updated asset objects reloaded before import = 0
Number of asset objects unloaded after import = 1
========================================================================
Received Import Request.
  Time since last request: 0.000014 seconds.
  path: Assets/Jasmine/RocketBox/Avatars/Female_Adult_03/Export
  artifactKey: Guid(0ee6556916538544486454c8e64b2f35) Importer(2089858483,0ecaa5967403d082aa24f35e1b516d23)
Start importing Assets/Jasmine/RocketBox/Avatars/Female_Adult_03/Export using Guid(0ee6556916538544486454c8e64b2f35) Importer(2089858483,0ecaa5967403d082aa24f35e1b516d23) [PhysX] Initialized MultithreadedTaskDispatcher with 16 workers.
 -> (artifact id: '81986edd3b4fca6e10a9b89f1dec5216') in 0.002956 seconds
Number of updated asset objects reloaded before import = 0
Number of asset objects unloaded after import = 1
========================================================================
Received Import Request.
  Time since last request: 0.000013 seconds.
  path: Assets/Jasmine/RocketBox/Avatars/Female_Adult_03/Textures/f003_opacity_color.tga
  artifactKey: Guid(44f9afc57e1787842aa5dd665d297633) Importer(2089858483,0ecaa5967403d082aa24f35e1b516d23)
Start importing Assets/Jasmine/RocketBox/Avatars/Female_Adult_03/Textures/f003_opacity_color.tga using Guid(44f9afc57e1787842aa5dd665d297633) Importer(2089858483,0ecaa5967403d082aa24f35e1b516d23) [PhysX] Initialized MultithreadedTaskDispatcher with 16 workers.
 -> (artifact id: '762d13d50b8c32960b891775f9eaeb0e') in 0.009514 seconds
Number of updated asset objects reloaded before import = 0
Number of asset objects unloaded after import = 1
Editor requested this worker to shutdown with reason: Scaling down because of idle timeout
TcpMessagingSession - receive error: operation aborted. errorcode: 995, details: The I/O operation has been aborted because of either a thread exit or an application request.
AssetImportWorker is now disconnected from the server
Process exiting
Exiting without the bug reporter. Application will terminate with return code 0