Using pre-set license
Built from '2022.3/staging' branch; Version is '2022.3.42f1 (2dcb6a0abc42) revision 3001194'; Using compiler version '192829333'; Build Type 'Release'
OS: 'Windows 10  (10.0.19045) 64bit Professional' Language: 'en' Physical Memory: 31861 MB
BatchMode: 1, IsHumanControllingUs: 0, StartBugReporterOnCrash: 0, Is64bit: 1, IsPro: 1

COMMAND LINE ARGUMENTS:
C:\Program Files\Unity\Hub\Editor\2022.3.42f1\Editor\Unity.exe
-adb2
-batchMode
-noUpm
-name
AssetImportWorker5
-projectPath
C:/Users/Jasmine/Documents/GitHub/Cogent Lab/ixr-testbed-prototype
-logFile
Logs/AssetImportWorker5.log
-srvPort
55380
Successfully changed project path to: C:/Users/Jasmine/Documents/GitHub/Cogent Lab/ixr-testbed-prototype
C:/Users/Jasmine/Documents/GitHub/Cogent Lab/ixr-testbed-prototype
[UnityMemory] Configuration Parameters - Can be set up in boot.config
    "memorysetup-bucket-allocator-granularity=16"
    "memorysetup-bucket-allocator-bucket-count=8"
    "memorysetup-bucket-allocator-block-size=33554432"
    "memorysetup-bucket-allocator-block-count=8"
    "memorysetup-main-allocator-block-size=16777216"
    "memorysetup-thread-allocator-block-size=16777216"
    "memorysetup-gfx-main-allocator-block-size=16777216"
    "memorysetup-gfx-thread-allocator-block-size=16777216"
    "memorysetup-cache-allocator-block-size=4194304"
    "memorysetup-typetree-allocator-block-size=2097152"
    "memorysetup-profiler-bucket-allocator-granularity=16"
    "memorysetup-profiler-bucket-allocator-bucket-count=8"
    "memorysetup-profiler-bucket-allocator-block-size=33554432"
    "memorysetup-profiler-bucket-allocator-block-count=8"
    "memorysetup-profiler-allocator-block-size=16777216"
    "memorysetup-profiler-editor-allocator-block-size=1048576"
    "memorysetup-temp-allocator-size-main=16777216"
    "memorysetup-job-temp-allocator-block-size=2097152"
    "memorysetup-job-temp-allocator-block-size-background=1048576"
    "memorysetup-job-temp-allocator-reduction-small-platforms=262144"
    "memorysetup-allocator-temp-initial-block-size-main=262144"
    "memorysetup-allocator-temp-initial-block-size-worker=262144"
    "memorysetup-temp-allocator-size-background-worker=32768"
    "memorysetup-temp-allocator-size-job-worker=262144"
    "memorysetup-temp-allocator-size-preload-manager=33554432"
    "memorysetup-temp-allocator-size-nav-mesh-worker=65536"
    "memorysetup-temp-allocator-size-audio-worker=65536"
    "memorysetup-temp-allocator-size-cloud-worker=32768"
    "memorysetup-temp-allocator-size-gi-baking-worker=262144"
    "memorysetup-temp-allocator-size-gfx=262144"
Player connection [64752]  Target information:

Player connection [64752]  * "[IP] 10.0.0.151 [Port] 0 [Flags] 2 [Guid] 2227288738 [EditorId] 2227288738 [Version] 1048832 [Id] WindowsEditor(7,DESKTOP-90O3M4F) [Debug] 1 [PackageName] WindowsEditor [ProjectName] Editor" 

Player connection [64752]  * "[IP] 10.0.0.185 [Port] 0 [Flags] 2 [Guid] 2227288738 [EditorId] 2227288738 [Version] 1048832 [Id] WindowsEditor(7,DESKTOP-90O3M4F) [Debug] 1 [PackageName] WindowsEditor [ProjectName] Editor" 

Player connection [64752] Host joined multi-casting on [225.0.0.222:54997]...
Player connection [64752] Host joined alternative multi-casting on [225.0.0.222:34997]...
[PhysX] Initialized MultithreadedTaskDispatcher with 16 workers.
Refreshing native plugins compatible for Editor in 14.10 ms, found 13 plugins.
Unity memory allocator detected: MetaXRAudio native memory allocations will be tracked.
Preloading 3 native plugins for Editor in 2.44 ms.
Initialize engine version: 2022.3.42f1 (2dcb6a0abc42)
[Subsystems] Discovering subsystems at path C:/Program Files/Unity/Hub/Editor/2022.3.42f1/Editor/Data/Resources/UnitySubsystems
[Subsystems] Discovering subsystems at path C:/Users/Jasmine/Documents/GitHub/Cogent Lab/ixr-testbed-prototype/Assets
GfxDevice: creating device client; threaded=0; jobified=0
Direct3D:
    Version:  Direct3D 11.0 [level 11.1]
    Renderer: NVIDIA GeForce RTX 5070 (ID=0x2f04)
    Vendor:   NVIDIA
    VRAM:     11854 MB
    Driver:   32.0.15.7700
Shader 'Meta/MRUK/Scene/HighlightsAndShadows': fallback shader 'Off' not found
Shader 'Oculus/OVRMRCameraFrameLit': fallback shader 'Alpha-Diffuse' not found
Initialize mono
Mono path[0] = 'C:/Program Files/Unity/Hub/Editor/2022.3.42f1/Editor/Data/Managed'
Mono path[1] = 'C:/Program Files/Unity/Hub/Editor/2022.3.42f1/Editor/Data/MonoBleedingEdge/lib/mono/unityjit-win32'
Mono config path = 'C:/Program Files/Unity/Hub/Editor/2022.3.42f1/Editor/Data/MonoBleedingEdge/etc'
Using monoOptions --debugger-agent=transport=dt_socket,embedding=1,server=y,suspend=n,address=127.0.0.1:56148
Begin MonoManager ReloadAssembly
Registering precompiled unity dll's ...
Register platform support module: C:/Program Files/Unity/Hub/Editor/2022.3.42f1/Editor/Data/PlaybackEngines/AndroidPlayer/UnityEditor.Android.Extensions.dll
Register platform support module: C:/Program Files/Unity/Hub/Editor/2022.3.42f1/Editor/Data/PlaybackEngines/WindowsStandaloneSupport/UnityEditor.WindowsStandalone.Extensions.dll
Registered in 0.007231 seconds.
- Loaded All Assemblies, in  0.206 seconds
Native extension for WindowsStandalone target not found
Native extension for Android target not found
Unauthorized device detected, Id: 1WMHH841WR1102, please add debug authorization and reconnect.
UnityEngine.StackTraceUtility:ExtractStackTrace ()
UnityEngine.DebugLogHandler:LogFormat (UnityEngine.LogType,UnityEngine.Object,string,object[])
UnityEngine.Logger:LogFormat (UnityEngine.LogType,string,object[])
UnityEngine.Debug:LogFormat (string,object[])
UnityEditor.Android.AndroidDeploymentTargetsExtension:GetKnownTargets (UnityEditor.DeploymentTargets.IDeploymentTargetsMainThreadContext,UnityEditor.ProgressHandler)
UnityEditor.Android.TargetScanWorker:ScanSync ()
UnityEditor.Android.TargetExtension:OnUsbDevicesChanged (UnityEditor.Hardware.UsbDevice[])
UnityEditor.Android.TargetExtension:OnLoad ()
UnityEditor.Modules.ModuleManager:InitializePlatformSupportModules ()

Android Extension - Scanning For ADB Devices 259 ms
Mono: successfully reloaded assembly
- Finished resetting the current domain, in  0.440 seconds
Domain Reload Profiling: 644ms
	BeginReloadAssembly (61ms)
		ExecutionOrderSort (0ms)
		DisableScriptedObjects (0ms)
		BackupInstance (0ms)
		ReleaseScriptingObjects (0ms)
		CreateAndSetChildDomain (0ms)
	RebuildCommonClasses (18ms)
	RebuildNativeTypeToScriptingClass (5ms)
	initialDomainReloadingComplete (40ms)
	LoadAllAssembliesAndSetupDomain (80ms)
		LoadAssemblies (60ms)
		RebuildTransferFunctionScriptingTraits (0ms)
		AnalyzeDomain (78ms)
			TypeCache.Refresh (77ms)
				TypeCache.ScanAssembly (70ms)
			ScanForSourceGeneratedMonoScriptInfo (0ms)
			ResolveRequiredComponents (0ms)
	FinalizeReload (440ms)
		ReleaseScriptCaches (0ms)
		RebuildScriptCaches (0ms)
		SetupLoadedEditorAssemblies (418ms)
			LogAssemblyErrors (0ms)
			InitializePlatformSupportModulesInManaged (326ms)
			SetLoadedEditorAssemblies (2ms)
			RefreshPlugins (0ms)
			BeforeProcessingInitializeOnLoad (1ms)
			ProcessInitializeOnLoadAttributes (63ms)
			ProcessInitializeOnLoadMethodAttributes (25ms)
			AfterProcessingInitializeOnLoad (0ms)
			EditorAssembliesLoaded (0ms)
		ExecutionOrderSort2 (0ms)
		AwakeInstancesAfterBackupRestoration (0ms)
========================================================================
Worker process is ready to serve import requests
Caller must complete domain reload
Begin MonoManager ReloadAssembly
Symbol file LoadedFromMemory is not a mono symbol file
- Loaded All Assemblies, in  0.471 seconds
Native extension for WindowsStandalone target not found
Native extension for Android target not found
Package Manager log level set to [2]
[Package Manager] Server::EnsureServerProcessIsRunning -- launch failed, reason: Unity was launched with the -noUpm command-line argument
[Package Manager] UpmClient::Send -- Unable to send message (not connected to UPM process).
[Package Manager] Cannot connect to Unity Package Manager local server
  % Total    % Received % Xferd  Average Speed   Time    Time     Time  Current
                                 Dload  Upload   Total   Spent    Left  Speed
  0     0    0     0    0     0      0      0 --:--:-- --:--:-- --:--:--     0  0     0    0     0    0     0      0      0 --:--:-- --:--:-- --:--:--     0
curl: (35) schannel: next InitializeSecurityContext failed: CRYPT_E_NO_REVOCATION_CHECK (0x80092012) - The revocation function was unable to check revocation for the certificate.
[Package Manager] Server::EnsureServerProcessIsRunning -- launch failed, reason: Unity was launched with the -noUpm command-line argument
[Package Manager] UpmClient::Send -- Unable to send message (not connected to UPM process).
[Package Manager] Cannot connect to Unity Package Manager local server
System.Reflection.TargetInvocationException: Exception has been thrown by the target of an invocation. ---> System.NullReferenceException: Object reference not set to an instance of an object
  at Unity.XR.Oculus.OculusLoader.AssetPathToAbsolutePath (System.String assetPath) [0x0003d] in .\Library\PackageCache\com.unity.xr.oculus@4.2.0\Runtime\OculusLoader.cs:298 
  at Unity.XR.Oculus.OculusLoader.EditorLoadOVRPlugin () [0x0008c] in .\Library\PackageCache\com.unity.xr.oculus@4.2.0\Runtime\OculusLoader.cs:283 
  at (wrapper managed-to-native) System.Reflection.RuntimeMethodInfo.InternalInvoke(System.Reflection.RuntimeMethodInfo,object,object[],System.Exception&)
  at System.Reflection.RuntimeMethodInfo.Invoke (System.Object obj, System.Reflection.BindingFlags invokeAttr, System.Reflection.Binder binder, System.Object[] parameters, System.Globalization.CultureInfo culture) [0x0006a] in <8ce0bd04a7a04b4b9395538239d3fdd8>:0 
   --- End of inner exception stack trace ---
  at System.Reflection.RuntimeMethodInfo.Invoke (System.Object obj, System.Reflection.BindingFlags invokeAttr, System.Reflection.Binder binder, System.Object[] parameters, System.Globalization.CultureInfo culture) [0x00083] in <8ce0bd04a7a04b4b9395538239d3fdd8>:0 
  at System.Reflection.MethodBase.Invoke (System.Object obj, System.Object[] parameters) [0x00000] in <8ce0bd04a7a04b4b9395538239d3fdd8>:0 
  at UnityEditor.EditorAssemblies.ProcessInitializeOnLoadMethodAttributes () [0x000a5] in <fd823a7663ea4cdb840e6c898e2256ce>:0 
UnityEngine.StackTraceUtility:ExtractStackTrace ()
UnityEngine.DebugLogHandler:LogFormat (UnityEngine.LogType,UnityEngine.Object,string,object[])
UnityEngine.Logger:Log (UnityEngine.LogType,object)
UnityEngine.Debug:LogError (object)
UnityEditor.EditorAssemblies:ProcessInitializeOnLoadMethodAttributes ()

Mono: successfully reloaded assembly
[Package Manager] Server::EnsureServerProcessIsRunning -- launch failed, reason: Unity was launched with the -noUpm command-line argument
[Package Manager] UpmClient::Send -- Unable to send message (not connected to UPM process).
[Package Manager] Cannot connect to Unity Package Manager local server
[Package Manager] Server::EnsureServerProcessIsRunning -- launch failed, reason: Unity was launched with the -noUpm command-line argument
[Package Manager] UpmClient::Send -- Unable to send message (not connected to UPM process).
[Package Manager] Cannot connect to Unity Package Manager local server
- Finished resetting the current domain, in  0.738 seconds
Domain Reload Profiling: 1205ms
	BeginReloadAssembly (84ms)
		ExecutionOrderSort (0ms)
		DisableScriptedObjects (3ms)
		BackupInstance (0ms)
		ReleaseScriptingObjects (0ms)
		CreateAndSetChildDomain (16ms)
	RebuildCommonClasses (17ms)
	RebuildNativeTypeToScriptingClass (5ms)
	initialDomainReloadingComplete (23ms)
	LoadAllAssembliesAndSetupDomain (337ms)
		LoadAssemblies (222ms)
		RebuildTransferFunctionScriptingTraits (0ms)
		AnalyzeDomain (161ms)
			TypeCache.Refresh (134ms)
				TypeCache.ScanAssembly (121ms)
			ScanForSourceGeneratedMonoScriptInfo (19ms)
			ResolveRequiredComponents (7ms)
	FinalizeReload (738ms)
		ReleaseScriptCaches (0ms)
		RebuildScriptCaches (0ms)
		SetupLoadedEditorAssemblies (636ms)
			LogAssemblyErrors (0ms)
			InitializePlatformSupportModulesInManaged (14ms)
			SetLoadedEditorAssemblies (2ms)
			RefreshPlugins (0ms)
			BeforeProcessingInitializeOnLoad (62ms)
			ProcessInitializeOnLoadAttributes (525ms)
			ProcessInitializeOnLoadMethodAttributes (27ms)
			AfterProcessingInitializeOnLoad (5ms)
			EditorAssembliesLoaded (0ms)
		ExecutionOrderSort2 (0ms)
		AwakeInstancesAfterBackupRestoration (4ms)
Shader 'Oculus/OVRMRCameraFrameLit': fallback shader 'Alpha-Diffuse' not found
Shader 'Meta/MRUK/Scene/HighlightsAndShadows': fallback shader 'Off' not found
Launched and connected shader compiler UnityShaderCompiler.exe after 0.04 seconds
Refreshing native plugins compatible for Editor in 17.64 ms, found 13 plugins.
Preloading 3 native plugins for Editor in 0.15 ms.
Unloading 6130 Unused Serialized files (Serialized files now loaded: 0)
Unloading 88 unused Assets / (490.3 KB). Loaded Objects now: 6536.
Memory consumption went from 228.2 MB to 227.8 MB.
Total: 9.160800 ms (FindLiveObjects: 0.622100 ms CreateObjectMapping: 0.363300 ms MarkObjects: 7.782400 ms  DeleteObjects: 0.391900 ms)

AssetImportParameters requested are different than current active one (requested -> active):
  custom:container-demuxer-ogg: 62fdf1f143b41e24485cea50d1cbac27 -> 
  custom:video-decoder-ogg-theora: a1e56fd34408186e4bbccfd4996cb3dc -> 
  custom:framework-win-MediaFoundation: 216162199b28c13a410421893ffa2e32 -> 
  custom:CustomObjectIndexerAttribute: 9a22284fe3817be447336de3de66b15e -> 
  custom:container-demuxer-webm: 4f35f7cbe854078d1ac9338744f61a02 -> 
  custom:container-muxer-webm: aa71ff27fc2769a1b78a27578f13a17b -> 
  custom:video-decoder-webm-vp8: 9c59270c3fd7afecdb556c50c9e8de78 -> 
  custom:SearchIndexIgnoredProperties: e643bd26f0fe6173181afceb89e7c659 -> 
  custom:AudioImporter_EditorPlatform: d09bf68614088b80899f8185d706f6e7 -> 
  custom:video-encoder-webm-vp8: eb34c28f22e8b96e1ab97ce403110664 -> 
  custom:audio-decoder-ogg-vorbis: bf7c407c2cedff20999df2af8eb42d56 -> 
  custom:audio-encoder-webm-vorbis: bf7c407c2cedff20999df2af8eb42d56 -> 
========================================================================
Received Import Request.
  Time since last request: 1255868.887401 seconds.
  path: Assets/Jasmine/RocketBox/Avatars/Female_Adult_03/Textures/f003_body_normal.tga
  artifactKey: Guid(030b3c34867361548974cabf40ccd86b) Importer(2089858483,0ecaa5967403d082aa24f35e1b516d23)
Start importing Assets/Jasmine/RocketBox/Avatars/Female_Adult_03/Textures/f003_body_normal.tga using Guid(030b3c34867361548974cabf40ccd86b) Importer(2089858483,0ecaa5967403d082aa24f35e1b516d23) [PhysX] Initialized MultithreadedTaskDispatcher with 16 workers.
 -> (artifact id: '11a820442a5219751bc1f651b3869f0f') in 0.091307 seconds
Number of updated asset objects reloaded before import = 0
Number of asset objects unloaded after import = 1
========================================================================
Received Import Request.
  Time since last request: 37.094148 seconds.
  path: Assets/Jasmine/RocketBox/Avatars/Female_Adult_03 first/Textures/f003_body_normal.tga
  artifactKey: Guid(030b3c34867361548974cabf40ccd86b) Importer(2089858483,0ecaa5967403d082aa24f35e1b516d23)
Start importing Assets/Jasmine/RocketBox/Avatars/Female_Adult_03 first/Textures/f003_body_normal.tga using Guid(030b3c34867361548974cabf40ccd86b) Importer(2089858483,0ecaa5967403d082aa24f35e1b516d23) [PhysX] Initialized MultithreadedTaskDispatcher with 16 workers.
 -> (artifact id: '7d0bae75d6df5fb2060e48721aa02713') in 0.009511 seconds
Number of updated asset objects reloaded before import = 0
Number of asset objects unloaded after import = 1
========================================================================
Received Import Request.
  Time since last request: 0.000022 seconds.
  path: Assets/Jasmine/RocketBox/Avatars/Female_Adult_03 first/Female_Adult_03.fbx
  artifactKey: Guid(560beedbfff038140bebb753039e386d) Importer(2089858483,0ecaa5967403d082aa24f35e1b516d23)
Start importing Assets/Jasmine/RocketBox/Avatars/Female_Adult_03 first/Female_Adult_03.fbx using Guid(560beedbfff038140bebb753039e386d) Importer(2089858483,0ecaa5967403d082aa24f35e1b516d23) [PhysX] Initialized MultithreadedTaskDispatcher with 16 workers.
 -> (artifact id: '97a0c1be5ed7ba8b0f09a7bb6540c1a5') in 0.053517 seconds
Number of updated asset objects reloaded before import = 0
Number of asset objects unloaded after import = 176
========================================================================
Received Import Request.
  Time since last request: 22.020242 seconds.
  path: Assets/Jasmine/RocketBox/Avatars/Female_Adult_03/Textures/f003_body_normal.tga
  artifactKey: Guid(919fff465e4855643b5d28f418998b63) Importer(2089858483,0ecaa5967403d082aa24f35e1b516d23)
Start importing Assets/Jasmine/RocketBox/Avatars/Female_Adult_03/Textures/f003_body_normal.tga using Guid(919fff465e4855643b5d28f418998b63) Importer(2089858483,0ecaa5967403d082aa24f35e1b516d23) [PhysX] Initialized MultithreadedTaskDispatcher with 16 workers.
 -> (artifact id: 'b19ff77891c94cf006784b5c7ac1e150') in 0.011778 seconds
Number of updated asset objects reloaded before import = 0
Number of asset objects unloaded after import = 1
========================================================================
Received Import Request.
  Time since last request: 0.000040 seconds.
  path: Assets/Jasmine/RocketBox/Avatars/Female_Adult_03/Textures
  artifactKey: Guid(9bcd04047a6ded746963ea33d5bb732d) Importer(2089858483,0ecaa5967403d082aa24f35e1b516d23)
Start importing Assets/Jasmine/RocketBox/Avatars/Female_Adult_03/Textures using Guid(9bcd04047a6ded746963ea33d5bb732d) Importer(2089858483,0ecaa5967403d082aa24f35e1b516d23) [PhysX] Initialized MultithreadedTaskDispatcher with 16 workers.
 -> (artifact id: 'c1d052a4eb5bcaa9aa456e62b380cbde') in 0.003146 seconds
Number of updated asset objects reloaded before import = 0
Number of asset objects unloaded after import = 1
========================================================================
Received Import Request.
  Time since last request: 0.000022 seconds.
  path: Assets/Jasmine/RocketBox/Avatars/Female_Adult_03/Textures/f003_head_normal.tga
  artifactKey: Guid(492c99c41db032448a4cec7298692e9b) Importer(2089858483,0ecaa5967403d082aa24f35e1b516d23)
Start importing Assets/Jasmine/RocketBox/Avatars/Female_Adult_03/Textures/f003_head_normal.tga using Guid(492c99c41db032448a4cec7298692e9b) Importer(2089858483,0ecaa5967403d082aa24f35e1b516d23) [PhysX] Initialized MultithreadedTaskDispatcher with 16 workers.
 -> (artifact id: 'be46192dd3c9c7172f1c84d6f820e27f') in 0.008640 seconds
Number of updated asset objects reloaded before import = 0
Number of asset objects unloaded after import = 1
========================================================================
Received Import Request.
  Time since last request: 0.000014 seconds.
  path: Assets/Jasmine/RocketBox/Avatars/Female_Adult_03/Export/Female_Adult_03_facial.fbx
  artifactKey: Guid(c307790307e7fcf4d8f583609339d736) Importer(2089858483,0ecaa5967403d082aa24f35e1b516d23)
Start importing Assets/Jasmine/RocketBox/Avatars/Female_Adult_03/Export/Female_Adult_03_facial.fbx using Guid(c307790307e7fcf4d8f583609339d736) Importer(2089858483,0ecaa5967403d082aa24f35e1b516d23) [PhysX] Initialized MultithreadedTaskDispatcher with 16 workers.
 -> (artifact id: '3e9518c1b297172abcd17334ec10fe71') in 0.085944 seconds
Number of updated asset objects reloaded before import = 0
Number of asset objects unloaded after import = 179
========================================================================
Received Import Request.
  Time since last request: 77.611879 seconds.
  path: Assets/Jasmine/RocketBox/Avatars/Male_Adult_02/Textures/m003_body_specular.tga
  artifactKey: Guid(f4b76c1f3200d6148b3cb29957618013) Importer(2089858483,0ecaa5967403d082aa24f35e1b516d23)
Start importing Assets/Jasmine/RocketBox/Avatars/Male_Adult_02/Textures/m003_body_specular.tga using Guid(f4b76c1f3200d6148b3cb29957618013) Importer(2089858483,0ecaa5967403d082aa24f35e1b516d23) [PhysX] Initialized MultithreadedTaskDispatcher with 16 workers.
 -> (artifact id: '924fd5946ce72d3d1f1ba4980e8f6e2e') in 0.011976 seconds
Number of updated asset objects reloaded before import = 0
Number of asset objects unloaded after import = 1
========================================================================
Received Import Request.
  Time since last request: 0.007275 seconds.
  path: Assets/Jasmine/RocketBox/Avatars/Male_Adult_02/Textures/m003_head_normal - wr.tga
  artifactKey: Guid(f864f175ca78a1640981443bd7402f76) Importer(2089858483,0ecaa5967403d082aa24f35e1b516d23)
Start importing Assets/Jasmine/RocketBox/Avatars/Male_Adult_02/Textures/m003_head_normal - wr.tga using Guid(f864f175ca78a1640981443bd7402f76) Importer(2089858483,0ecaa5967403d082aa24f35e1b516d23) [PhysX] Initialized MultithreadedTaskDispatcher with 16 workers.
 -> (artifact id: '0c64e5a555b1a267ed43283405149b39') in 0.009995 seconds
Number of updated asset objects reloaded before import = 0
Number of asset objects unloaded after import = 1
========================================================================
Received Import Request.
  Time since last request: 0.000026 seconds.
  path: Assets/Jasmine/RocketBox/Avatars/Male_Adult_02/Textures/m003_head_specular.tga
  artifactKey: Guid(33d105d74b76adb4aa9ed20c1dd44533) Importer(2089858483,0ecaa5967403d082aa24f35e1b516d23)
Start importing Assets/Jasmine/RocketBox/Avatars/Male_Adult_02/Textures/m003_head_specular.tga using Guid(33d105d74b76adb4aa9ed20c1dd44533) Importer(2089858483,0ecaa5967403d082aa24f35e1b516d23) [PhysX] Initialized MultithreadedTaskDispatcher with 16 workers.
 -> (artifact id: '22ac6d1e866c9891bfa50613a6a257f7') in 0.008877 seconds
Number of updated asset objects reloaded before import = 0
Number of asset objects unloaded after import = 1
========================================================================
Received Import Request.
  Time since last request: 0.000019 seconds.
  path: Assets/Jasmine/RocketBox/Avatars/Male_Adult_02/Textures/m003_opacity_color.tga
  artifactKey: Guid(1f630431d5b28944887bcb8bfe35b2e9) Importer(2089858483,0ecaa5967403d082aa24f35e1b516d23)
Start importing Assets/Jasmine/RocketBox/Avatars/Male_Adult_02/Textures/m003_opacity_color.tga using Guid(1f630431d5b28944887bcb8bfe35b2e9) Importer(2089858483,0ecaa5967403d082aa24f35e1b516d23) [PhysX] Initialized MultithreadedTaskDispatcher with 16 workers.
 -> (artifact id: 'c9e128821e73a17faafab1ed48f88bd9') in 0.009868 seconds
Number of updated asset objects reloaded before import = 0
Number of asset objects unloaded after import = 1
========================================================================
Received Import Request.
  Time since last request: 0.000017 seconds.
  path: Assets/Jasmine/RocketBox/Avatars/Male_Adult_02
  artifactKey: Guid(d4840e47ddc327e4cb8b5ffe7a9988b4) Importer(2089858483,0ecaa5967403d082aa24f35e1b516d23)
Start importing Assets/Jasmine/RocketBox/Avatars/Male_Adult_02 using Guid(d4840e47ddc327e4cb8b5ffe7a9988b4) Importer(2089858483,0ecaa5967403d082aa24f35e1b516d23) [PhysX] Initialized MultithreadedTaskDispatcher with 16 workers.
 -> (artifact id: '2bd38bb1426a7f52ab84c5609c83aae0') in 0.002257 seconds
Number of updated asset objects reloaded before import = 0
Number of asset objects unloaded after import = 1
========================================================================
Received Import Request.
  Time since last request: 0.000021 seconds.
  path: Assets/Jasmine/RocketBox/Avatars/Male_Adult_02/Male_Adult_02.png
  artifactKey: Guid(4752d287157d85e489704a747a881211) Importer(2089858483,0ecaa5967403d082aa24f35e1b516d23)
Start importing Assets/Jasmine/RocketBox/Avatars/Male_Adult_02/Male_Adult_02.png using Guid(4752d287157d85e489704a747a881211) Importer(2089858483,0ecaa5967403d082aa24f35e1b516d23) [PhysX] Initialized MultithreadedTaskDispatcher with 16 workers.
 -> (artifact id: '1879e46d98c174ed3ed3e1f81af010a3') in 0.006298 seconds
Number of updated asset objects reloaded before import = 0
Number of asset objects unloaded after import = 1
========================================================================
Received Import Request.
  Time since last request: 0.000015 seconds.
  path: Assets/Jasmine/RocketBox/Avatars/Male_Adult_02/Textures/m003_head_color.tga
  artifactKey: Guid(31d133eb72a5ce040ab766ea8be6731d) Importer(2089858483,0ecaa5967403d082aa24f35e1b516d23)
Start importing Assets/Jasmine/RocketBox/Avatars/Male_Adult_02/Textures/m003_head_color.tga using Guid(31d133eb72a5ce040ab766ea8be6731d) Importer(2089858483,0ecaa5967403d082aa24f35e1b516d23) [PhysX] Initialized MultithreadedTaskDispatcher with 16 workers.
 -> (artifact id: 'fef3e1dfe9dd21b3ce47aadee249abd6') in 0.006905 seconds
Number of updated asset objects reloaded before import = 0
Number of asset objects unloaded after import = 1
========================================================================
Received Import Request.
  Time since last request: 0.000016 seconds.
  path: Assets/Jasmine/RocketBox/Avatars/Male_Adult_02/Textures/m003_body_normal.tga
  artifactKey: Guid(08081d2d3ad7d8b47a2712832ee7fab6) Importer(2089858483,0ecaa5967403d082aa24f35e1b516d23)
Start importing Assets/Jasmine/RocketBox/Avatars/Male_Adult_02/Textures/m003_body_normal.tga using Guid(08081d2d3ad7d8b47a2712832ee7fab6) Importer(2089858483,0ecaa5967403d082aa24f35e1b516d23) [PhysX] Initialized MultithreadedTaskDispatcher with 16 workers.
 -> (artifact id: 'b5f9f415c22cc7379c963c8eb61143a3') in 0.009210 seconds
Number of updated asset objects reloaded before import = 0
Number of asset objects unloaded after import = 1
========================================================================
Received Import Request.
  Time since last request: 0.000019 seconds.
  path: Assets/Jasmine/RocketBox/Avatars/Male_Adult_02/Export
  artifactKey: Guid(3c43fa646a09f1c478654b93940b26d5) Importer(2089858483,0ecaa5967403d082aa24f35e1b516d23)
Start importing Assets/Jasmine/RocketBox/Avatars/Male_Adult_02/Export using Guid(3c43fa646a09f1c478654b93940b26d5) Importer(2089858483,0ecaa5967403d082aa24f35e1b516d23) [PhysX] Initialized MultithreadedTaskDispatcher with 16 workers.
 -> (artifact id: 'b486510dc703a19f8c40c870c6db83e4') in 0.003323 seconds
Number of updated asset objects reloaded before import = 0
Number of asset objects unloaded after import = 1
========================================================================
Received Import Request.
  Time since last request: 11.459300 seconds.
  path: Assets/Jasmine/RocketBox/Avatars/Male_Adult_03/Textures/m004_body_specular.tga
  artifactKey: Guid(b8c05ef00edaf6849a1836abd0eb6823) Importer(2089858483,0ecaa5967403d082aa24f35e1b516d23)
Start importing Assets/Jasmine/RocketBox/Avatars/Male_Adult_03/Textures/m004_body_specular.tga using Guid(b8c05ef00edaf6849a1836abd0eb6823) Importer(2089858483,0ecaa5967403d082aa24f35e1b516d23) [PhysX] Initialized MultithreadedTaskDispatcher with 16 workers.
 -> (artifact id: 'bd9f816b6affd0bcc84f363560eb0e59') in 0.007186 seconds
Number of updated asset objects reloaded before import = 0
Number of asset objects unloaded after import = 1
========================================================================
Received Import Request.
  Time since last request: 0.000015 seconds.
  path: Assets/Jasmine/RocketBox/Avatars/Male_Adult_03/Export/Male_Adult_03_facial.fbx
  artifactKey: Guid(4a5c0aff03596c844b128021a524b16a) Importer(2089858483,0ecaa5967403d082aa24f35e1b516d23)
Start importing Assets/Jasmine/RocketBox/Avatars/Male_Adult_03/Export/Male_Adult_03_facial.fbx using Guid(4a5c0aff03596c844b128021a524b16a) Importer(2089858483,0ecaa5967403d082aa24f35e1b516d23) [PhysX] Initialized MultithreadedTaskDispatcher with 16 workers.
 -> (artifact id: '3c8aac1d23fde5e9f0f72cbfbfb0ce40') in 0.048477 seconds
Number of updated asset objects reloaded before import = 0
Number of asset objects unloaded after import = 179
========================================================================
Received Import Request.
  Time since last request: 0.000018 seconds.
  path: Assets/Jasmine/RocketBox/Avatars/Male_Adult_03/Male_Adult_03.png
  artifactKey: Guid(30a9c51fcb4218645979213278b6ba86) Importer(2089858483,0ecaa5967403d082aa24f35e1b516d23)
Start importing Assets/Jasmine/RocketBox/Avatars/Male_Adult_03/Male_Adult_03.png using Guid(30a9c51fcb4218645979213278b6ba86) Importer(2089858483,0ecaa5967403d082aa24f35e1b516d23) [PhysX] Initialized MultithreadedTaskDispatcher with 16 workers.
 -> (artifact id: '1356a199b94bd13a26fb83270ef0e306') in 0.005969 seconds
Number of updated asset objects reloaded before import = 0
Number of asset objects unloaded after import = 1
Editor requested this worker to shutdown with reason: Scaling down because of idle timeout
TcpMessagingSession - receive error: operation aborted. errorcode: 995, details: The I/O operation has been aborted because of either a thread exit or an application request.
AssetImportWorker is now disconnected from the server
Process exiting
Exiting without the bug reporter. Application will terminate with return code 0